
> anothercrm@0.0.1 check D:\majaslapas\anothercrm
> svelte-kit sync && svelte-check --tsconfig ./tsconfig.json

Loading svelte-check in workspace: d:\majaslapas\anothercrm
Getting Svelte diagnostics...

d:\majaslapas\anothercrm\[32msrc\lib\components\ui\sidebar\sidebar-trigger.svelte[39m:20:7
[31mError[39m: Expression produces a union type that is too complex to represent. (ts)
[36m
<Butto[35mn
	data-sidebar="trigger"
	data-slot="sidebar-trigger"
	variant="ghost"
	size="icon"
	class={cn("size-7", className)}
	type="button"
	onclick={(e) => {
		onclick?.(e);
		sidebar.toggle();
	}}
	{...restProps[36m}
>[39m

d:\majaslapas\anothercrm\[32msrc\lib\components\ui\sidebar\sidebar-trigger.svelte[39m:20:7
[31mError[39m: Type '{ variant: "link" | "default" | "secondary" | "destructive" | "outline" | "ghost"; size: "default" | "sm" | "lg" | "icon"; loading?: boolean | undefined; "data-slot": string; onClickPromise?: ((e: MouseEvent & { ...; }) => Promise<...>) | undefined; ... 446 more ...; onclick: (e: MouseEvent & { ...; }) => void; } | ...' is not assignable to type 'ButtonProps | undefined'.
  Type '{ variant: "link" | "default" | "secondary" | "destructive" | "outline" | "ghost"; size: "default" | "sm" | "lg" | "icon"; loading?: boolean | undefined; "data-slot": string; onClickPromise?: ((e: MouseEvent & { ...; }) => Promise<...>) | undefined; ... 441 more ...; onclick: (e: MouseEvent & { ...; }) => void; }' is not assignable to type 'ButtonProps | undefined'.
    Type '{ variant: "link" | "default" | "secondary" | "destructive" | "outline" | "ghost"; size: "default" | "sm" | "lg" | "icon"; loading?: boolean | undefined; "data-slot": string; onClickPromise?: ((e: MouseEvent & { ...; }) => Promise<...>) | undefined; ... 441 more ...; onclick: (e: MouseEvent & { ...; }) => void; }' is not assignable to type 'ButtonElementProps'.
      Type '{ variant: "link" | "default" | "secondary" | "destructive" | "outline" | "ghost"; size: "default" | "sm" | "lg" | "icon"; loading?: boolean | undefined; "data-slot": string; onClickPromise?: ((e: MouseEvent & { ...; }) => Promise<...>) | undefined; ... 441 more ...; onclick: (e: MouseEvent & { ...; }) => void; }' is not assignable to type 'Omit<Omit<HTMLButtonAttributes, "type" | "href">, "children">'.
        Types of property 'onclose' are incompatible.
          Type 'EventHandler<Event, HTMLAnchorElement> | null | undefined' is not assignable to type 'EventHandler<Event, HTMLButtonElement> | null | undefined'.
            Type 'EventHandler<Event, HTMLAnchorElement>' is not assignable to type 'EventHandler<Event, HTMLButtonElement>'.
              Type 'HTMLButtonElement' is missing the following properties from type 'HTMLAnchorElement': charset, coords, download, hreflang, and 19 more. (ts)
[36m
<Butto[35m[36mn
	data-sidebar="trigger"[39m

d:\majaslapas\anothercrm\[32msrc\routes\api\nextcloud\conversations\+server.ts[39m:24:16
[31mError[39m: Property 'nextcloud_username' does not exist on type '{ name: string; id: string; email: string; password: string; type: "admin" | "client"; }'. 
[36m	// Check if user has Nextcloud credentials configured
	if (!fullUser.[35mnextcloud_username[36m || !fullUser.nextcloud_password) {
		return json([39m

d:\majaslapas\anothercrm\[32msrc\routes\api\nextcloud\conversations\+server.ts[39m:24:48
[31mError[39m: Property 'nextcloud_password' does not exist on type '{ name: string; id: string; email: string; password: string; type: "admin" | "client"; }'. 
[36m	// Check if user has Nextcloud credentials configured
	if (!fullUser.nextcloud_username || !fullUser.[35mnextcloud_password[36m) {
		return json([39m

d:\majaslapas\anothercrm\[32msrc\routes\api\nextcloud\conversations\+server.ts[39m:43:16
[31mError[39m: Property 'nextcloud_username' does not exist on type '{ name: string; id: string; email: string; password: string; type: "admin" | "client"; }'. 
[36m		const auth = Buffer.from(
			`${fullUser.[35mnextcloud_username[36m}:${fullUser.nextcloud_password}`
		).toString('base64');[39m

d:\majaslapas\anothercrm\[32msrc\routes\api\nextcloud\conversations\+server.ts[39m:43:47
[31mError[39m: Property 'nextcloud_password' does not exist on type '{ name: string; id: string; email: string; password: string; type: "admin" | "client"; }'. 
[36m		const auth = Buffer.from(
			`${fullUser.nextcloud_username}:${fullUser.[35mnextcloud_password[36m}`
		).toString('base64');[39m

d:\majaslapas\anothercrm\[32msrc\routes\api\nextcloud\share-project\+server.ts[39m:24:16
[31mError[39m: Property 'nextcloud_username' does not exist on type '{ name: string; id: string; email: string; password: string; type: "admin" | "client"; }'. 
[36m	// Check if user has Nextcloud credentials configured
	if (!fullUser.[35mnextcloud_username[36m || !fullUser.nextcloud_password) {
		return json([39m

d:\majaslapas\anothercrm\[32msrc\routes\api\nextcloud\share-project\+server.ts[39m:24:48
[31mError[39m: Property 'nextcloud_password' does not exist on type '{ name: string; id: string; email: string; password: string; type: "admin" | "client"; }'. 
[36m	// Check if user has Nextcloud credentials configured
	if (!fullUser.nextcloud_username || !fullUser.[35mnextcloud_password[36m) {
		return json([39m

d:\majaslapas\anothercrm\[32msrc\routes\api\nextcloud\share-project\+server.ts[39m:59:16
[31mError[39m: Property 'nextcloud_username' does not exist on type '{ name: string; id: string; email: string; password: string; type: "admin" | "client"; }'. 
[36m		const auth = Buffer.from(
			`${fullUser.[35mnextcloud_username[36m}:${fullUser.nextcloud_password}`
		).toString('base64');[39m

d:\majaslapas\anothercrm\[32msrc\routes\api\nextcloud\share-project\+server.ts[39m:59:47
[31mError[39m: Property 'nextcloud_password' does not exist on type '{ name: string; id: string; email: string; password: string; type: "admin" | "client"; }'. 
[36m		const auth = Buffer.from(
			`${fullUser.nextcloud_username}:${fullUser.[35mnextcloud_password[36m}`
		).toString('base64');[39m

d:\majaslapas\anothercrm\[32msrc\lib\components\file-upload.svelte[39m:36:6
[33mWarn[39m: `fileInputElement` is updated, but is not declared with `$state(...)`. Changing its value will not correctly trigger updates
https://svelte.dev/e/non_reactive_update (svelte)
[36m	let uploadProgress = $state<Record<string, number>>({});
	let [35mfileInputElement: HTMLInputElement[36m;
	let dragOver = $state(false);[39m

d:\majaslapas\anothercrm\[32msrc\routes\(app)\projekti\labot\[id]\+page.svelte[39m:55:42
[33mWarn[39m: This reference only captures the initial value of `dateValue`. Did you mean to reference it inside a derived instead?
https://svelte.dev/e/state_referenced_locally (svelte)
[36m	const df = new DateFormatter('lv-LV', { dateStyle: 'long' });
	let datePlaceholder = $state<DateValue>([35mdateValue[36m || today(getLocalTimeZone()));[39m

d:\majaslapas\anothercrm\[32msrc\routes\(app)\rekini\izdzest\[id]\+page.svelte[39m:5:16
[31mError[39m: Module '"../../+layout.svelte"' has no exported member 'InvoiceWithRelations'. Did you mean to use 'import InvoiceWithRelations from "../../+layout.svelte"' instead? (ts)
[36m	import * as Card from '$lib/components/ui/card/index.js';
	import type { [35mInvoiceWithRelations[36m } from '../../+layout.svelte'; // Reuse type or just use simplistic one logic
	import X from '@lucide/svelte/icons/x';[39m

====================================
[31msvelte-check found 11 errors and 2 warnings in 6 files
[39mΓÇëELIFECYCLEΓÇë Command failed with exit code 1.
